// Jest Snapshot v1, https://goo.gl/fbAQLP

exports[`objectKeys should throw for null or undefined 1`] = `"Cannot convert undefined or null to object"`;

exports[`objectKeys should throw for null or undefined 2`] = `"Cannot convert undefined or null to object"`;

exports[`objectKeys should throw for null or undefined 3`] = `"Cannot convert undefined or null to object"`;
